// Jest Snapshot v1, https://goo.gl/fbAQLP

exports[`should render CheckButton correctly 1`] = `
<button
  className="CheckButton  "
  onClick={[Function]}
>
  Action
</button>
`;
