// Jest Snapshot v1, https://goo.gl/fbAQLP

exports[`should render Footer correctly 1`] = `
<footer
  style={
    Object {
      "height": "3rem",
    }
  }
/>
`;
